// Jest Snapshot v1, https://goo.gl/fbAQLP

exports[`Button 是否支持 link button 1`] = `
<a
  className="adui-button-base adui-button-normal adui-button-small"
  disabled={false}
  href="https://ad.weixin.qq.com"
  onClick={[Function]}
  target="_blank"
>
  <span
    className="adui-button-content"
  >
    link button
  </span>
</a>
`;

exports[`Button 是否正确渲染 1`] = `
<button
  className="adui-button-base adui-button-normal adui-button-small adui-button-hasLeftIcon adui-button-hasRightIcon"
  disabled={false}
  onClick={[Function]}
  type="button"
>
  <svg
    className="adui-button-leftIcon adui-icon-base"
    data-icon="add"
    data-interactive={false}
    fill="var(--gray-700)"
    height={18}
    onClick={[Function]}
    style={Object {}}
    viewBox="0 0 18 18"
    width={18}
  >
    <path
      d="M8.25 14.5C8.25 14.7761 8.47386 15 8.75 15H9.25C9.52614 15 9.75 14.7761 9.75 14.5V9.75H14.5C14.7761 9.75 15 9.52614 15 9.25V8.75C15 8.47386 14.7761 8.25 14.5 8.25H9.75V3.5C9.75 3.22386 9.52614 3 9.25 3H8.75C8.47386 3 8.25 3.22386 8.25 3.5V8.25H3.5C3.22386 8.25 3 8.47386 3 8.75V9.25C3 9.52614 3.22386 9.75 3.5 9.75H8.25V14.5Z"
      fillRule="evenodd"
    />
  </svg>
  <span
    className="adui-button-content"
  >
    按钮
  </span>
  <svg
    className="adui-button-rightIcon adui-icon-base"
    data-icon="tick"
    data-interactive={false}
    fill="var(--gray-700)"
    height={18}
    onClick={[Function]}
    style={Object {}}
    viewBox="0 0 18 18"
    width={18}
  >
    <path
      d="M15.0962 6.43932C15.2914 6.24406 15.2914 5.92748 15.0962 5.73222L14.3891 5.02511C14.1938 4.82985 13.8772 4.82985 13.682 5.02511L7.67157 11.0355L4.48958 7.85354C4.29432 7.65827 3.97774 7.65827 3.78248 7.85354L3.07537 8.56064C2.88011 8.7559 2.88011 9.07249 3.07537 9.26775L7.31801 13.5104C7.51328 13.7057 7.82986 13.7057 8.02512 13.5104L15.0962 6.43932Z"
      fillRule="evenodd"
    />
  </svg>
</button>
`;
