// Jest Snapshot v1, https://goo.gl/fbAQLP

exports[`Select Select 是否正确渲染 1`] = `ReactWrapper {}`;
