// Jest Snapshot v1, https://goo.gl/fbAQLP

exports[`排序功能 是否能够内部驱动 1`] = `ReactWrapper {}`;
