// Jest Snapshot v1, https://goo.gl/fbAQLP

exports[`NumericInput 快照验证 1`] = `
<div
  className="adui-numeric-input adui-input-wrapper adui-input-small adui-input-normal"
  style={Object {}}
>
  <input
    autoComplete="off"
    autoFocus={false}
    className="adui-input-base"
    disabled={false}
    id={null}
    name={null}
    onBlur={[Function]}
    onChange={[Function]}
    onFocus={[Function]}
    onKeyDown={[Function]}
    placeholder="请输入"
    required={false}
    style={
      Object {
        "paddingLeft": undefined,
        "paddingRight": undefined,
      }
    }
    type={null}
    value=""
  />
  <div
    className="adui-input-right"
    onClick={[Function]}
    role="none"
  >
    <div
      className="adui-numeric-input-buttons"
    >
      <div
        className="adui-numeric-input-button"
        onMouseDown={[Function]}
        role="none"
      >
        <svg
          className="adui-icon-base adui-icon-interactive adui-icon-interactive_level_2"
          data-icon="arrow-up"
          data-interactive={true}
          fill="var(--gray-700)"
          height={12}
          onClick={[Function]}
          viewBox="0 0 18 18"
          width={12}
        >
          <path
            d="M14.303 11.3033L13.9495 11.6569C13.7542 11.8521 13.4376 11.8521 13.2424 11.6569L9.00048 7.414L4.75709 11.6569C4.56183 11.8521 4.24525 11.8521 4.04999 11.6569L3.69643 11.3033C3.50117 11.108 3.50117 10.7915 3.69643 10.5962L8.64618 5.64645C8.84144 5.45118 9.15803 5.45118 9.35329 5.64645L14.303 10.5962C14.4983 10.7915 14.4983 11.108 14.303 11.3033Z"
            fillRule="evenodd"
          />
          <g
            className="adui-icon-interactive-cover"
            fill="#000"
          >
            <path
              d="M14.303 11.3033L13.9495 11.6569C13.7542 11.8521 13.4376 11.8521 13.2424 11.6569L9.00048 7.414L4.75709 11.6569C4.56183 11.8521 4.24525 11.8521 4.04999 11.6569L3.69643 11.3033C3.50117 11.108 3.50117 10.7915 3.69643 10.5962L8.64618 5.64645C8.84144 5.45118 9.15803 5.45118 9.35329 5.64645L14.303 10.5962C14.4983 10.7915 14.4983 11.108 14.303 11.3033Z"
              fillRule="evenodd"
            />
          </g>
        </svg>
      </div>
      <div
        className="adui-numeric-input-button"
        onMouseDown={[Function]}
        role="none"
      >
        <svg
          className="adui-icon-base adui-icon-interactive adui-icon-interactive_level_2"
          data-icon="arrow-down"
          data-interactive={true}
          fill="var(--gray-700)"
          height={12}
          onClick={[Function]}
          viewBox="0 0 18 18"
          width={12}
        >
          <path
            d="M14.303 6.7L13.9495 6.34644C13.7542 6.15118 13.4376 6.15118 13.2424 6.34644L9.00048 10.5893L4.75709 6.34644C4.56183 6.15118 4.24525 6.15118 4.04999 6.34644L3.69643 6.7C3.50117 6.89526 3.50117 7.21184 3.69643 7.4071L8.64618 12.3569C8.84144 12.5521 9.15803 12.5521 9.35329 12.3569L14.303 7.4071C14.4983 7.21184 14.4983 6.89526 14.303 6.7Z"
            fillRule="evenodd"
          />
          <g
            className="adui-icon-interactive-cover"
            fill="#000"
          >
            <path
              d="M14.303 6.7L13.9495 6.34644C13.7542 6.15118 13.4376 6.15118 13.2424 6.34644L9.00048 10.5893L4.75709 6.34644C4.56183 6.15118 4.24525 6.15118 4.04999 6.34644L3.69643 6.7C3.50117 6.89526 3.50117 7.21184 3.69643 7.4071L8.64618 12.3569C8.84144 12.5521 9.15803 12.5521 9.35329 12.3569L14.303 7.4071C14.4983 7.21184 14.4983 6.89526 14.303 6.7Z"
              fillRule="evenodd"
            />
          </g>
        </svg>
      </div>
    </div>
  </div>
</div>
`;
